// Jest Snapshot v1, https://goo.gl/fbAQLP

exports[`Header renders correctly 1`] = `
<header
  style={
    Object {
      "marginBottom": "1.5rem",
    }
  }
>
  <div>
    <a
      href="/"
      style={
        Object {
          "backgroundImage": "none",
          "textShadow": "none",
        }
      }
    >
      <h3
        style={
          Object {
            "display": "inline",
          }
        }
      >
        Test Title
      </h3>
    </a>
    <a
      style={
        Object {
          "float": "right ",
        }
      }
    >
      Appearance
    </a>
  </div>
  <div>
    <ul
      style={
        Object {
          "float": "left",
          "listStyle": "none",
        }
      }
    >
      <li
        style={
          Object {
            "display": "inline-block",
            "marginRight": "1rem",
          }
        }
      >
        <a
          href="/code/"
        >
          {Code}
        </a>
      </li>
      <li
        style={
          Object {
            "display": "inline-block",
            "marginRight": "1rem",
          }
        }
      >
        <a
          href="/images/"
        >
          Images
        </a>
      </li>
      <li
        style={
          Object {
            "display": "inline-block",
            "marginRight": "1rem",
          }
        }
      >
        <a
          href="/words/"
        >
          Words
        </a>
      </li>
      <li
        style={
          Object {
            "display": "inline-block",
            "marginRight": "1rem",
          }
        }
      >
        <a
          href="/sounds/"
        >
          Sounds
        </a>
      </li>
    </ul>
    <ul
      style={
        Object {
          "float": "right",
          "listStyle": "none",
        }
      }
    >
      <li
        style={
          Object {
            "display": "inline-block",
            "marginRight": "1rem",
          }
        }
      >
        <a
          href="/meet/"
        >
          Meet
        </a>
      </li>
      <li
        style={
          Object {
            "display": "inline-block",
            "marginRight": "1rem",
          }
        }
      >
        <a
          href="/connect/"
        >
          Connect
        </a>
      </li>
    </ul>
  </div>
</header>
`;
